// Jest Snapshot v1, https://goo.gl/fbAQLP

exports[`should render ExpenseListItem with expense 1`] = `
<div>
  <Link
    replace={false}
    to="/edit/1"
  >
    <h3>
      Description: Gum
    </h3>
  </Link>
  <p>
    Amount: 195, createdAt: 0
  </p>
</div>
`;
